// Jest Snapshot v1, https://goo.gl/fbAQLP

exports[`create Accordion snapshot 1`] = `
<div
  className="makeStyles-div-1"
>
  <div
    style={
      Object {
        "textAlign": "center",
      }
    }
  >
    <h3>
      Fast & Easy Application Process.
    </h3>
    <p
      style={
        Object {
          "marginTop": "-15px",
        }
      }
    >
      4 easy steps to get your instant loan without collateral...
    </p>
  </div>
  <div
    className="makeStyles-root-2"
  >
    <div
      className="MuiPaper-root MuiAccordion-root MuiAccordion-rounded MuiPaper-elevation1 MuiPaper-rounded"
    >
      <div
        aria-controls="panel1a-content"
        aria-disabled={false}
        aria-expanded={false}
        className="MuiButtonBase-root MuiAccordionSummary-root"
        id="panel1a-header"
        onBlur={[Function]}
        onClick={[Function]}
        onDragLeave={[Function]}
        onFocus={[Function]}
        onKeyDown={[Function]}
        onKeyUp={[Function]}
        onMouseDown={[Function]}
        onMouseLeave={[Function]}
        onMouseUp={[Function]}
        onTouchEnd={[Function]}
        onTouchMove={[Function]}
        onTouchStart={[Function]}
        role="button"
        tabIndex={0}
      >
        <div
          className="MuiAccordionSummary-content"
        >
          <p
            className="MuiTypography-root makeStyles-heading-3 MuiTypography-body1"
          >
            Step 1
          </p>
        </div>
        <div
          aria-disabled={false}
          aria-hidden={true}
          className="MuiButtonBase-root MuiIconButton-root MuiAccordionSummary-expandIcon MuiIconButton-edgeEnd"
          onBlur={[Function]}
          onDragLeave={[Function]}
          onFocus={[Function]}
          onKeyDown={[Function]}
          onKeyUp={[Function]}
          onMouseDown={[Function]}
          onMouseLeave={[Function]}
          onMouseUp={[Function]}
          onTouchEnd={[Function]}
          onTouchMove={[Function]}
          onTouchStart={[Function]}
          role={null}
          tabIndex={null}
        >
          <span
            className="MuiIconButton-label"
          >
            <svg
              aria-hidden={true}
              className="MuiSvgIcon-root"
              focusable="false"
              viewBox="0 0 24 24"
            >
              <path
                d="M16.59 8.59L12 13.17 7.41 8.59 6 10l6 6 6-6z"
              />
            </svg>
          </span>
        </div>
      </div>
      <div
        className="MuiCollapse-container MuiCollapse-hidden"
        style={
          Object {
            "minHeight": "0px",
          }
        }
      >
        <div
          className="MuiCollapse-wrapper"
        >
          <div
            className="MuiCollapse-wrapperInner"
          >
            <div
              aria-labelledby="panel1a-header"
              id="panel1a-content"
              role="region"
            >
              <div
                className="MuiAccordionDetails-root"
              >
                <p
                  className="MuiTypography-root MuiTypography-body1"
                >
                  Lorem ipsum dolor sit amet, consectetur adipiscing elit. Suspendisse malesuada lacus ex, sit amet blandit leo lobortis eget.
                </p>
              </div>
            </div>
          </div>
        </div>
      </div>
    </div>
    <div
      className="MuiPaper-root MuiAccordion-root MuiAccordion-rounded MuiPaper-elevation1 MuiPaper-rounded"
    >
      <div
        aria-controls="panel2a-content"
        aria-disabled={false}
        aria-expanded={false}
        className="MuiButtonBase-root MuiAccordionSummary-root"
        id="panel2a-header"
        onBlur={[Function]}
        onClick={[Function]}
        onDragLeave={[Function]}
        onFocus={[Function]}
        onKeyDown={[Function]}
        onKeyUp={[Function]}
        onMouseDown={[Function]}
        onMouseLeave={[Function]}
        onMouseUp={[Function]}
        onTouchEnd={[Function]}
        onTouchMove={[Function]}
        onTouchStart={[Function]}
        role="button"
        tabIndex={0}
      >
        <div
          className="MuiAccordionSummary-content"
        >
          <p
            className="MuiTypography-root makeStyles-heading-3 MuiTypography-body1"
          >
            Step 2
          </p>
        </div>
        <div
          aria-disabled={false}
          aria-hidden={true}
          className="MuiButtonBase-root MuiIconButton-root MuiAccordionSummary-expandIcon MuiIconButton-edgeEnd"
          onBlur={[Function]}
          onDragLeave={[Function]}
          onFocus={[Function]}
          onKeyDown={[Function]}
          onKeyUp={[Function]}
          onMouseDown={[Function]}
          onMouseLeave={[Function]}
          onMouseUp={[Function]}
          onTouchEnd={[Function]}
          onTouchMove={[Function]}
          onTouchStart={[Function]}
          role={null}
          tabIndex={null}
        >
          <span
            className="MuiIconButton-label"
          >
            <svg
              aria-hidden={true}
              className="MuiSvgIcon-root"
              focusable="false"
              viewBox="0 0 24 24"
            >
              <path
                d="M16.59 8.59L12 13.17 7.41 8.59 6 10l6 6 6-6z"
              />
            </svg>
          </span>
        </div>
      </div>
      <div
        className="MuiCollapse-container MuiCollapse-hidden"
        style={
          Object {
            "minHeight": "0px",
          }
        }
      >
        <div
          className="MuiCollapse-wrapper"
        >
          <div
            className="MuiCollapse-wrapperInner"
          >
            <div
              aria-labelledby="panel2a-header"
              id="panel2a-content"
              role="region"
            >
              <div
                className="MuiAccordionDetails-root"
              >
                <p
                  className="MuiTypography-root MuiTypography-body1"
                >
                  Lorem ipsum dolor sit amet, consectetur adipiscing elit. Suspendisse malesuada lacus ex, sit amet blandit leo lobortis eget.
                </p>
              </div>
            </div>
          </div>
        </div>
      </div>
    </div>
    <div
      className="MuiPaper-root MuiAccordion-root MuiAccordion-rounded MuiPaper-elevation1 MuiPaper-rounded"
    >
      <div
        aria-controls="panel1a-content"
        aria-disabled={false}
        aria-expanded={false}
        className="MuiButtonBase-root MuiAccordionSummary-root"
        id="panel1a-header"
        onBlur={[Function]}
        onClick={[Function]}
        onDragLeave={[Function]}
        onFocus={[Function]}
        onKeyDown={[Function]}
        onKeyUp={[Function]}
        onMouseDown={[Function]}
        onMouseLeave={[Function]}
        onMouseUp={[Function]}
        onTouchEnd={[Function]}
        onTouchMove={[Function]}
        onTouchStart={[Function]}
        role="button"
        tabIndex={0}
      >
        <div
          className="MuiAccordionSummary-content"
        >
          <p
            className="MuiTypography-root makeStyles-heading-3 MuiTypography-body1"
          >
            Step 3
          </p>
        </div>
        <div
          aria-disabled={false}
          aria-hidden={true}
          className="MuiButtonBase-root MuiIconButton-root MuiAccordionSummary-expandIcon MuiIconButton-edgeEnd"
          onBlur={[Function]}
          onDragLeave={[Function]}
          onFocus={[Function]}
          onKeyDown={[Function]}
          onKeyUp={[Function]}
          onMouseDown={[Function]}
          onMouseLeave={[Function]}
          onMouseUp={[Function]}
          onTouchEnd={[Function]}
          onTouchMove={[Function]}
          onTouchStart={[Function]}
          role={null}
          tabIndex={null}
        >
          <span
            className="MuiIconButton-label"
          >
            <svg
              aria-hidden={true}
              className="MuiSvgIcon-root"
              focusable="false"
              viewBox="0 0 24 24"
            >
              <path
                d="M16.59 8.59L12 13.17 7.41 8.59 6 10l6 6 6-6z"
              />
            </svg>
          </span>
        </div>
      </div>
      <div
        className="MuiCollapse-container MuiCollapse-hidden"
        style={
          Object {
            "minHeight": "0px",
          }
        }
      >
        <div
          className="MuiCollapse-wrapper"
        >
          <div
            className="MuiCollapse-wrapperInner"
          >
            <div
              aria-labelledby="panel1a-header"
              id="panel1a-content"
              role="region"
            >
              <div
                className="MuiAccordionDetails-root"
              >
                <p
                  className="MuiTypography-root MuiTypography-body1"
                >
                  Lorem ipsum dolor sit amet, consectetur adipiscing elit. Suspendisse malesuada lacus ex, sit amet blandit leo lobortis eget.
                </p>
              </div>
            </div>
          </div>
        </div>
      </div>
    </div>
    <div
      className="MuiPaper-root MuiAccordion-root MuiAccordion-rounded MuiPaper-elevation1 MuiPaper-rounded"
    >
      <div
        aria-controls="panel1a-content"
        aria-disabled={false}
        aria-expanded={false}
        className="MuiButtonBase-root MuiAccordionSummary-root"
        id="panel1a-header"
        onBlur={[Function]}
        onClick={[Function]}
        onDragLeave={[Function]}
        onFocus={[Function]}
        onKeyDown={[Function]}
        onKeyUp={[Function]}
        onMouseDown={[Function]}
        onMouseLeave={[Function]}
        onMouseUp={[Function]}
        onTouchEnd={[Function]}
        onTouchMove={[Function]}
        onTouchStart={[Function]}
        role="button"
        tabIndex={0}
      >
        <div
          className="MuiAccordionSummary-content"
        >
          <p
            className="MuiTypography-root makeStyles-heading-3 MuiTypography-body1"
          >
            Step 4
          </p>
        </div>
        <div
          aria-disabled={false}
          aria-hidden={true}
          className="MuiButtonBase-root MuiIconButton-root MuiAccordionSummary-expandIcon MuiIconButton-edgeEnd"
          onBlur={[Function]}
          onDragLeave={[Function]}
          onFocus={[Function]}
          onKeyDown={[Function]}
          onKeyUp={[Function]}
          onMouseDown={[Function]}
          onMouseLeave={[Function]}
          onMouseUp={[Function]}
          onTouchEnd={[Function]}
          onTouchMove={[Function]}
          onTouchStart={[Function]}
          role={null}
          tabIndex={null}
        >
          <span
            className="MuiIconButton-label"
          >
            <svg
              aria-hidden={true}
              className="MuiSvgIcon-root"
              focusable="false"
              viewBox="0 0 24 24"
            >
              <path
                d="M16.59 8.59L12 13.17 7.41 8.59 6 10l6 6 6-6z"
              />
            </svg>
          </span>
        </div>
      </div>
      <div
        className="MuiCollapse-container MuiCollapse-hidden"
        style={
          Object {
            "minHeight": "0px",
          }
        }
      >
        <div
          className="MuiCollapse-wrapper"
        >
          <div
            className="MuiCollapse-wrapperInner"
          >
            <div
              aria-labelledby="panel1a-header"
              id="panel1a-content"
              role="region"
            >
              <div
                className="MuiAccordionDetails-root"
              >
                <p
                  className="MuiTypography-root MuiTypography-body1"
                >
                  Lorem ipsum dolor sit amet, consectetur adipiscing elit. Suspendisse malesuada lacus ex, sit amet blandit leo lobortis eget.
                </p>
              </div>
            </div>
          </div>
        </div>
      </div>
    </div>
  </div>
</div>
`;
