// Jest Snapshot v1, https://goo.gl/fbAQLP

exports[`create ApplyForLoanPage snapshot 1`] = `
<div>
  <div
    className="Toastify"
  />
  <main
    className="MuiContainer-root MuiContainer-maxWidthXs"
  >
    <div
      className="makeStyles-paper-2"
    >
      <div
        className="MuiAvatar-root MuiAvatar-circle makeStyles-avatar-3 MuiAvatar-colorDefault"
      >
        <svg
          aria-hidden={true}
          className="MuiSvgIcon-root"
          focusable="false"
          viewBox="0 0 24 24"
        >
          <path
            d="M18 8h-1V6c0-2.76-2.24-5-5-5S7 3.24 7 6v2H6c-1.1 0-2 .9-2 2v10c0 1.1.9 2 2 2h12c1.1 0 2-.9 2-2V10c0-1.1-.9-2-2-2zM9 6c0-1.66 1.34-3 3-3s3 1.34 3 3v2H9V6zm9 14H6V10h12v10zm-6-3c1.1 0 2-.9 2-2s-.9-2-2-2-2 .9-2 2 .9 2 2 2z"
          />
        </svg>
      </div>
      <h1
        className="MuiTypography-root MuiTypography-h5"
      >
        Apply for loan
      </h1>
      <form
        className="makeStyles-form-4"
        noValidate={true}
        onSubmit={[Function]}
      >
        <div
          className="MuiFormControl-root MuiTextField-root MuiFormControl-marginNormal MuiFormControl-fullWidth"
        >
          <label
            className="MuiFormLabel-root MuiInputLabel-root MuiInputLabel-formControl MuiInputLabel-animated MuiInputLabel-outlined Mui-required Mui-required"
            data-shrink={false}
            htmlFor="amount"
            id="amount-label"
          >
            Amount
            <span
              aria-hidden={true}
              className="MuiFormLabel-asterisk MuiInputLabel-asterisk"
            >
               
              *
            </span>
          </label>
          <div
            className="MuiInputBase-root MuiOutlinedInput-root MuiInputBase-fullWidth MuiInputBase-formControl"
            onClick={[Function]}
          >
            <input
              aria-invalid={false}
              autoComplete="amount"
              autoFocus={true}
              className="MuiInputBase-input MuiOutlinedInput-input"
              disabled={false}
              id="amount"
              name="amount"
              onAnimationStart={[Function]}
              onBlur={[Function]}
              onChange={[Function]}
              onFocus={[Function]}
              placeholder="e.g 10000"
              required={true}
              type="text"
            />
            <fieldset
              aria-hidden={true}
              className="PrivateNotchedOutline-root-6 MuiOutlinedInput-notchedOutline"
            >
              <legend
                className="PrivateNotchedOutline-legendLabelled-8"
              >
                <span>
                  Amount
                   *
                </span>
              </legend>
            </fieldset>
          </div>
        </div>
        <div
          className="MuiFormControl-root MuiTextField-root MuiFormControl-marginNormal MuiFormControl-fullWidth"
        >
          <label
            className="MuiFormLabel-root MuiInputLabel-root MuiInputLabel-formControl MuiInputLabel-animated MuiInputLabel-outlined Mui-required Mui-required"
            data-shrink={false}
            htmlFor="tenor"
            id="tenor-label"
          >
            Tenor
            <span
              aria-hidden={true}
              className="MuiFormLabel-asterisk MuiInputLabel-asterisk"
            >
               
              *
            </span>
          </label>
          <div
            className="MuiInputBase-root MuiOutlinedInput-root MuiInputBase-fullWidth MuiInputBase-formControl"
            onClick={[Function]}
          >
            <input
              aria-invalid={false}
              autoComplete="tenor"
              autoFocus={false}
              className="MuiInputBase-input MuiOutlinedInput-input"
              disabled={false}
              id="tenor"
              name="tenor"
              onAnimationStart={[Function]}
              onBlur={[Function]}
              onChange={[Function]}
              onFocus={[Function]}
              placeholder="e.g 1-12"
              required={true}
              type="tenor"
            />
            <fieldset
              aria-hidden={true}
              className="PrivateNotchedOutline-root-6 MuiOutlinedInput-notchedOutline"
            >
              <legend
                className="PrivateNotchedOutline-legendLabelled-8"
              >
                <span>
                  Tenor
                   *
                </span>
              </legend>
            </fieldset>
          </div>
        </div>
        <button
          className="MuiButtonBase-root MuiButton-root MuiButton-contained makeStyles-submit-5 MuiButton-containedPrimary MuiButton-fullWidth"
          disabled={false}
          onBlur={[Function]}
          onDragLeave={[Function]}
          onFocus={[Function]}
          onKeyDown={[Function]}
          onKeyUp={[Function]}
          onMouseDown={[Function]}
          onMouseLeave={[Function]}
          onMouseUp={[Function]}
          onTouchEnd={[Function]}
          onTouchMove={[Function]}
          onTouchStart={[Function]}
          tabIndex={0}
          type="submit"
        >
          <span
            className="MuiButton-label"
          >
            Apply
          </span>
        </button>
        <div
          className="MuiGrid-root MuiGrid-container"
        >
          <div
            className="MuiGrid-root MuiGrid-item"
          >
            <a
              className="MuiTypography-root MuiLink-root MuiLink-underlineHover MuiTypography-body2 MuiTypography-colorPrimary"
              href="/signup"
              onBlur={[Function]}
              onFocus={[Function]}
            >
              Don't have an account? Sign Up
            </a>
          </div>
        </div>
      </form>
    </div>
    <div
      className="MuiBox-root MuiBox-root-10"
    >
      <p
        className="MuiTypography-root MuiTypography-body2 MuiTypography-colorTextSecondary MuiTypography-alignCenter"
      >
        Copyright © 
        <a
          className="MuiTypography-root MuiLink-root MuiLink-underlineHover MuiTypography-colorInherit"
          href="https://material-ui.com/"
          onBlur={[Function]}
          onFocus={[Function]}
        >
          Your Website
        </a>
         
        2020
        .
      </p>
    </div>
  </main>
</div>
`;
