// Jest Snapshot v1, https://goo.gl/fbAQLP

exports[`create NavBar snapshot 1`] = `
<div>
  <div
    className="makeStyles-root-1"
  >
    <header
      className="MuiPaper-root MuiAppBar-root MuiAppBar-positionFixed MuiAppBar-colorPrimary makeStyles-appBar-2 mui-fixed MuiPaper-elevation4"
    >
      <div
        className="MuiToolbar-root MuiToolbar-regular MuiToolbar-gutters"
      >
        <h6
          className="MuiTypography-root makeStyles-title-4 MuiTypography-h6 MuiTypography-noWrap"
        >
          QUICK CREDIT
        </h6>
        <button
          aria-label="open drawer"
          className="MuiButtonBase-root MuiButton-root MuiButton-text MuiButton-colorInherit"
          disabled={false}
          edge="end"
          onBlur={[Function]}
          onClick={[Function]}
          onDragLeave={[Function]}
          onFocus={[Function]}
          onKeyDown={[Function]}
          onKeyUp={[Function]}
          onMouseDown={[Function]}
          onMouseLeave={[Function]}
          onMouseUp={[Function]}
          onTouchEnd={[Function]}
          onTouchMove={[Function]}
          onTouchStart={[Function]}
          tabIndex={0}
          type="button"
        >
          <span
            className="MuiButton-label"
          >
            <svg
              aria-hidden={true}
              className="MuiSvgIcon-root"
              focusable="false"
              viewBox="0 0 24 24"
            >
              <path
                d="M3 18h18v-2H3v2zm0-5h18v-2H3v2zm0-7v2h18V6H3z"
              />
            </svg>
          </span>
        </button>
      </div>
    </header>
    <div
      className="MuiDrawer-root MuiDrawer-docked makeStyles-drawer-6"
    >
      <div
        className="MuiPaper-root MuiDrawer-paper makeStyles-drawerPaper-7 MuiDrawer-paperAnchorRight MuiDrawer-paperAnchorDockedRight MuiPaper-elevation0"
        style={
          Object {
            "visibility": "hidden",
          }
        }
      >
        <div
          className="makeStyles-drawerHeader-8"
        >
          <button
            className="MuiButtonBase-root MuiButton-root MuiButton-text"
            disabled={false}
            onBlur={[Function]}
            onClick={[Function]}
            onDragLeave={[Function]}
            onFocus={[Function]}
            onKeyDown={[Function]}
            onKeyUp={[Function]}
            onMouseDown={[Function]}
            onMouseLeave={[Function]}
            onMouseUp={[Function]}
            onTouchEnd={[Function]}
            onTouchMove={[Function]}
            onTouchStart={[Function]}
            tabIndex={0}
            type="button"
          >
            <span
              className="MuiButton-label"
            >
              <svg
                aria-hidden={true}
                className="MuiSvgIcon-root"
                focusable="false"
                viewBox="0 0 24 24"
              >
                <path
                  d="M10 6L8.59 7.41 13.17 12l-4.58 4.59L10 18l6-6z"
                />
              </svg>
            </span>
          </button>
        </div>
        <hr
          className="MuiDivider-root"
        />
        <ul
          className="MuiList-root MuiList-padding"
        >
          <a
            className="MuiTypography-root MuiLink-root MuiLink-underlineHover MuiTypography-colorInherit"
            onBlur={[Function]}
            onClick={[Function]}
            onFocus={[Function]}
            style={
              Object {
                "color": "black",
                "textDecoration": "none",
              }
            }
          >
            <div
              aria-disabled={false}
              className="MuiButtonBase-root MuiListItem-root MuiListItem-gutters MuiListItem-button"
              onBlur={[Function]}
              onDragLeave={[Function]}
              onFocus={[Function]}
              onKeyDown={[Function]}
              onKeyUp={[Function]}
              onMouseDown={[Function]}
              onMouseLeave={[Function]}
              onMouseUp={[Function]}
              onTouchEnd={[Function]}
              onTouchMove={[Function]}
              onTouchStart={[Function]}
              role="button"
              tabIndex={0}
            >
              <div
                className="MuiListItemText-root"
              >
                <span
                  className="MuiTypography-root MuiListItemText-primary MuiTypography-body1 MuiTypography-displayBlock"
                >
                  Apply Now
                </span>
              </div>
            </div>
          </a>
          <a
            className="MuiTypography-root MuiLink-root MuiLink-underlineHover MuiTypography-colorInherit"
            onBlur={[Function]}
            onClick={[Function]}
            onFocus={[Function]}
            style={
              Object {
                "color": "black",
                "textDecoration": "none",
              }
            }
          >
            <div
              aria-disabled={false}
              className="MuiButtonBase-root MuiListItem-root MuiListItem-gutters MuiListItem-button"
              onBlur={[Function]}
              onDragLeave={[Function]}
              onFocus={[Function]}
              onKeyDown={[Function]}
              onKeyUp={[Function]}
              onMouseDown={[Function]}
              onMouseLeave={[Function]}
              onMouseUp={[Function]}
              onTouchEnd={[Function]}
              onTouchMove={[Function]}
              onTouchStart={[Function]}
              role="button"
              tabIndex={0}
            >
              <div
                className="MuiListItemText-root"
              >
                <span
                  className="MuiTypography-root MuiListItemText-primary MuiTypography-body1 MuiTypography-displayBlock"
                >
                  Home
                </span>
              </div>
            </div>
          </a>
          <a
            className="MuiTypography-root MuiLink-root MuiLink-underlineHover MuiTypography-colorInherit"
            onBlur={[Function]}
            onClick={[Function]}
            onFocus={[Function]}
            style={
              Object {
                "color": "black",
                "textDecoration": "none",
              }
            }
          >
            <div
              aria-disabled={false}
              className="MuiButtonBase-root MuiListItem-root MuiListItem-gutters MuiListItem-button"
              onBlur={[Function]}
              onDragLeave={[Function]}
              onFocus={[Function]}
              onKeyDown={[Function]}
              onKeyUp={[Function]}
              onMouseDown={[Function]}
              onMouseLeave={[Function]}
              onMouseUp={[Function]}
              onTouchEnd={[Function]}
              onTouchMove={[Function]}
              onTouchStart={[Function]}
              role="button"
              tabIndex={0}
            >
              <div
                className="MuiListItemText-root"
              >
                <span
                  className="MuiTypography-root MuiListItemText-primary MuiTypography-body1 MuiTypography-displayBlock"
                >
                  Contact
                </span>
              </div>
            </div>
          </a>
          <a
            className="MuiTypography-root MuiLink-root MuiLink-underlineHover MuiTypography-colorInherit"
            onBlur={[Function]}
            onClick={[Function]}
            onFocus={[Function]}
            style={
              Object {
                "color": "black",
                "textDecoration": "none",
              }
            }
          >
            <div
              aria-disabled={false}
              className="MuiButtonBase-root MuiListItem-root MuiListItem-gutters MuiListItem-button"
              onBlur={[Function]}
              onDragLeave={[Function]}
              onFocus={[Function]}
              onKeyDown={[Function]}
              onKeyUp={[Function]}
              onMouseDown={[Function]}
              onMouseLeave={[Function]}
              onMouseUp={[Function]}
              onTouchEnd={[Function]}
              onTouchMove={[Function]}
              onTouchStart={[Function]}
              role="button"
              tabIndex={0}
            >
              <div
                className="MuiListItemText-root"
              >
                <span
                  className="MuiTypography-root MuiListItemText-primary MuiTypography-body1 MuiTypography-displayBlock"
                >
                  Login
                </span>
              </div>
            </div>
          </a>
          <a
            className="MuiTypography-root MuiLink-root MuiLink-underlineHover MuiTypography-colorInherit"
            onBlur={[Function]}
            onClick={[Function]}
            onFocus={[Function]}
            style={
              Object {
                "color": "black",
                "textDecoration": "none",
              }
            }
          >
            <div
              aria-disabled={false}
              className="MuiButtonBase-root MuiListItem-root MuiListItem-gutters MuiListItem-button"
              onBlur={[Function]}
              onDragLeave={[Function]}
              onFocus={[Function]}
              onKeyDown={[Function]}
              onKeyUp={[Function]}
              onMouseDown={[Function]}
              onMouseLeave={[Function]}
              onMouseUp={[Function]}
              onTouchEnd={[Function]}
              onTouchMove={[Function]}
              onTouchStart={[Function]}
              role="button"
              tabIndex={0}
            >
              <div
                className="MuiListItemText-root"
              >
                <span
                  className="MuiTypography-root MuiListItemText-primary MuiTypography-body1 MuiTypography-displayBlock"
                >
                  Register
                </span>
              </div>
            </div>
          </a>
        </ul>
      </div>
    </div>
  </div>
  <div
    className="makeStyles-desktopRoot-11"
  >
    <header
      className="MuiPaper-root MuiAppBar-root MuiAppBar-positionFixed MuiAppBar-colorPrimary mui-fixed MuiPaper-elevation4"
    >
      <div
        className="MuiToolbar-root MuiToolbar-regular MuiToolbar-gutters"
      >
        <h6
          className="MuiTypography-root makeStyles-desktopTitle-13 MuiTypography-h6"
        >
          <button
            className="MuiButtonBase-root MuiIconButton-root MuiIconButton-colorInherit"
            disabled={false}
            onBlur={[Function]}
            onDragLeave={[Function]}
            onFocus={[Function]}
            onKeyDown={[Function]}
            onKeyUp={[Function]}
            onMouseDown={[Function]}
            onMouseLeave={[Function]}
            onMouseUp={[Function]}
            onTouchEnd={[Function]}
            onTouchMove={[Function]}
            onTouchStart={[Function]}
            style={
              Object {
                "fontSize": "small",
                "fontWeight": "bold",
              }
            }
            tabIndex={0}
            type="button"
          >
            <span
              className="MuiIconButton-label"
            >
              QUICK CREDIT
            </span>
          </button>
        </h6>
        <p
          className="MuiTypography-root MuiTypography-body1"
        >
          <button
            className="MuiButtonBase-root MuiIconButton-root makeStyles-desktopTitle-13 makeStyles-fontWeight-15 MuiIconButton-colorInherit"
            disabled={false}
            onBlur={[Function]}
            onClick={[Function]}
            onDragLeave={[Function]}
            onFocus={[Function]}
            onKeyDown={[Function]}
            onKeyUp={[Function]}
            onMouseDown={[Function]}
            onMouseLeave={[Function]}
            onMouseUp={[Function]}
            onTouchEnd={[Function]}
            onTouchMove={[Function]}
            onTouchStart={[Function]}
            tabIndex={0}
            type="button"
          >
            <span
              className="MuiIconButton-label"
            >
              Apply Now
            </span>
          </button>
          <button
            className="MuiButtonBase-root MuiIconButton-root makeStyles-fontSize-14 MuiIconButton-colorInherit"
            disabled={false}
            onBlur={[Function]}
            onClick={[Function]}
            onDragLeave={[Function]}
            onFocus={[Function]}
            onKeyDown={[Function]}
            onKeyUp={[Function]}
            onMouseDown={[Function]}
            onMouseLeave={[Function]}
            onMouseUp={[Function]}
            onTouchEnd={[Function]}
            onTouchMove={[Function]}
            onTouchStart={[Function]}
            tabIndex={0}
            type="button"
          >
            <span
              className="MuiIconButton-label"
            >
              Home
            </span>
          </button>
          <button
            className="MuiButtonBase-root MuiIconButton-root makeStyles-fontSize-14 MuiIconButton-colorInherit"
            disabled={false}
            onBlur={[Function]}
            onDragLeave={[Function]}
            onFocus={[Function]}
            onKeyDown={[Function]}
            onKeyUp={[Function]}
            onMouseDown={[Function]}
            onMouseLeave={[Function]}
            onMouseUp={[Function]}
            onTouchEnd={[Function]}
            onTouchMove={[Function]}
            onTouchStart={[Function]}
            tabIndex={0}
            type="button"
          >
            <span
              className="MuiIconButton-label"
            >
              Contact
            </span>
          </button>
          <button
            className="MuiButtonBase-root MuiIconButton-root makeStyles-fontSize-14 MuiIconButton-colorInherit"
            disabled={false}
            onBlur={[Function]}
            onClick={[Function]}
            onDragLeave={[Function]}
            onFocus={[Function]}
            onKeyDown={[Function]}
            onKeyUp={[Function]}
            onMouseDown={[Function]}
            onMouseLeave={[Function]}
            onMouseUp={[Function]}
            onTouchEnd={[Function]}
            onTouchMove={[Function]}
            onTouchStart={[Function]}
            tabIndex={0}
            type="button"
          >
            <span
              className="MuiIconButton-label"
            >
              Login
            </span>
          </button>
          <button
            className="MuiButtonBase-root MuiIconButton-root makeStyles-fontSize-14 MuiIconButton-colorInherit"
            disabled={false}
            onBlur={[Function]}
            onClick={[Function]}
            onDragLeave={[Function]}
            onFocus={[Function]}
            onKeyDown={[Function]}
            onKeyUp={[Function]}
            onMouseDown={[Function]}
            onMouseLeave={[Function]}
            onMouseUp={[Function]}
            onTouchEnd={[Function]}
            onTouchMove={[Function]}
            onTouchStart={[Function]}
            tabIndex={0}
            type="button"
          >
            <span
              className="MuiIconButton-label"
            >
              Register
            </span>
          </button>
        </p>
      </div>
    </header>
  </div>
</div>
`;
